// Jest Snapshot v1, https://goo.gl/fbAQLP

exports[`first Debe de hacer match con el snapshot 1`] = `
<div>
  <div
    class="card"
  >
    <img
      alt="Mi Título"
      src="https://one-punch.com/saitama.jpg"
    />
    <p>
      Mi Título
    </p>
  </div>
</div>
`;
